SLF4J: Failed to load class "org.slf4j.impl.StaticLoggerBinder".
SLF4J: Defaulting to no-operation (NOP) logger implementation
SLF4J: See http://www.slf4j.org/codes.html#StaticLoggerBinder for further details.
WARNING: random-uuid already refers to: #'clojure.core/random-uuid in namespace: monger.util, being replaced by: #'monger.util/random-uuid
WARNING: parse-long already refers to: #'clojure.core/parse-long in namespace: selmer.util, being replaced by: #'selmer.util/parse-long
WARNING: parse-double already refers to: #'clojure.core/parse-double in namespace: selmer.tags, being replaced by: #'selmer.tags/parse-double
Warning: protocol #'thi.ng.math.core/IMathOps is overwriting function abs
WARNING: abs already refers to: #'clojure.core/abs in namespace: thi.ng.math.core, being replaced by: #'thi.ng.math.core/abs
WARNING: parse-long already refers to: #'clojure.core/parse-long in namespace: thi.ng.strf.core, being replaced by: #'thi.ng.strf.core/parse-long
WARNING: parse-double already refers to: #'clojure.core/parse-double in namespace: thi.ng.strf.core, being replaced by: #'thi.ng.strf.core/parse-double
WARNING: parse-boolean already refers to: #'clojure.core/parse-boolean in namespace: thi.ng.strf.core, being replaced by: #'thi.ng.strf.core/parse-boolean
WARNING: A terminally deprecated method in sun.misc.Unsafe has been called
WARNING: sun.misc.Unsafe::invokeCleaner has been called by nonapi.io.github.classgraph.utils.FileUtils (file:/home/m/.m2/repository/io/github/classgraph/classgraph/4.8.64/classgraph-4.8.64.jar)
WARNING: Please consider reporting this to the maintainers of class nonapi.io.github.classgraph.utils.FileUtils
WARNING: sun.misc.Unsafe::invokeCleaner will be removed in a future release

  ORGANISM running at http://100.115.113.111:3000

Syntax error compiling at (eridu/choice.cljc:39:48).
	at clojure.lang.Compiler.analyze(Compiler.java:7340)
	at clojure.lang.Compiler.analyze(Compiler.java:7277)
	at clojure.lang.Compiler$InvokeExpr.parse(Compiler.java:4296)
	at clojure.lang.Compiler.analyzeSeq(Compiler.java:7632)
	at clojure.lang.Compiler.analyze(Compiler.java:7321)
	at clojure.lang.Compiler.analyze(Compiler.java:7277)
	at clojure.lang.Compiler$InvokeExpr.parse(Compiler.java:4371)
	at clojure.lang.Compiler.analyzeSeq(Compiler.java:7632)
	at clojure.lang.Compiler.analyze(Compiler.java:7321)
	at clojure.lang.Compiler.access$200(Compiler.java:43)
	at clojure.lang.Compiler$LetExpr$Parser.parse(Compiler.java:6908)
	at clojure.lang.Compiler.analyzeSeq(Compiler.java:7630)
	at clojure.lang.Compiler.analyze(Compiler.java:7321)
	at clojure.lang.Compiler.analyzeSeq(Compiler.java:7618)
	at clojure.lang.Compiler.analyze(Compiler.java:7321)
	at clojure.lang.Compiler.analyze(Compiler.java:7277)
	at clojure.lang.Compiler$BodyExpr$Parser.parse(Compiler.java:6644)
	at clojure.lang.Compiler$FnMethod.parse(Compiler.java:5983)
	at clojure.lang.Compiler$FnExpr.parse(Compiler.java:4546)
	at clojure.lang.Compiler.analyzeSeq(Compiler.java:7628)
	at clojure.lang.Compiler.analyze(Compiler.java:7321)
	at clojure.lang.Compiler.analyzeSeq(Compiler.java:7618)
	at clojure.lang.Compiler.analyze(Compiler.java:7321)
	at clojure.lang.Compiler.access$200(Compiler.java:43)
	at clojure.lang.Compiler$DefExpr$Parser.parse(Compiler.java:589)
	at clojure.lang.Compiler.analyzeSeq(Compiler.java:7630)
	at clojure.lang.Compiler.analyze(Compiler.java:7321)
	at clojure.lang.Compiler.analyze(Compiler.java:7277)
	at clojure.lang.Compiler.eval(Compiler.java:7704)
	at clojure.lang.Compiler.load(Compiler.java:8165)
	at clojure.lang.RT.loadResourceScript(RT.java:401)
	at clojure.lang.RT.loadResourceScript(RT.java:392)
	at clojure.lang.RT.load(RT.java:479)
	at clojure.lang.RT.load(RT.java:444)
	at clojure.core$load$fn__6931.invoke(core.clj:6189)
	at clojure.core$load.invokeStatic(core.clj:6188)
	at clojure.core$load.doInvoke(core.clj:6172)
	at clojure.lang.RestFn.invoke(RestFn.java:411)
	at clojure.core$load_one.invokeStatic(core.clj:5961)
	at clojure.core$load_one.invoke(core.clj:5956)
	at clojure.core$load_lib$fn__6873.invoke(core.clj:6003)
	at clojure.core$load_lib.invokeStatic(core.clj:6002)
	at clojure.core$load_lib.doInvoke(core.clj:5981)
	at clojure.lang.RestFn.applyTo(RestFn.java:145)
	at clojure.core$apply.invokeStatic(core.clj:669)
	at clojure.core$load_libs.invokeStatic(core.clj:6044)
	at clojure.core$load_libs.doInvoke(core.clj:6028)
	at clojure.lang.RestFn.applyTo(RestFn.java:140)
	at clojure.core$apply.invokeStatic(core.clj:669)
	at clojure.core$require.invokeStatic(core.clj:6066)
	at clojure.core$require.doInvoke(core.clj:6066)
	at clojure.lang.RestFn.invoke(RestFn.java:424)
	at ring.middleware.reload$reloader$fn__5828.invoke(reload.clj:17)
	at ring.middleware.reload$wrap_reload$fn__5840.invoke(reload.clj:38)
	at selmer.middleware$wrap_error_page$fn__5855.invoke(middleware.clj:18)
	at prone.middleware$wrap_exceptions$fn__6096.invoke(middleware.clj:159)
	at ring.middleware.flash$wrap_flash$fn__9708.invoke(flash.clj:39)
	at ring.middleware.session$wrap_session$fn__10139.invoke(session.clj:108)
	at ring.middleware.keyword_params$wrap_keyword_params$fn__10270.invoke(keyword_params.clj:53)
	at ring.middleware.nested_params$wrap_nested_params$fn__10328.invoke(nested_params.clj:89)
	at ring.middleware.multipart_params$wrap_multipart_params$fn__10460.invoke(multipart_params.clj:171)
	at ring.middleware.params$wrap_params$fn__10484.invoke(params.clj:67)
	at ring.middleware.cookies$wrap_cookies$fn__10018.invoke(cookies.clj:214)
	at ring.middleware.absolute_redirects$wrap_absolute_redirects$fn__10672.invoke(absolute_redirects.clj:47)
	at ring.middleware.resource$wrap_resource_prefer_resources$fn__10520.invoke(resource.clj:25)
	at ring.middleware.content_type$wrap_content_type$fn__10620.invoke(content_type.clj:34)
	at ring.middleware.default_charset$wrap_default_charset$fn__10644.invoke(default_charset.clj:31)
	at ring.middleware.not_modified$wrap_not_modified$fn__10586.invoke(not_modified.clj:61)
	at ring.middleware.x_headers$wrap_x_header$fn__10210.invoke(x_headers.clj:22)
	at ring.middleware.x_headers$wrap_x_header$fn__10210.invoke(x_headers.clj:22)
	at ring.middleware.x_headers$wrap_x_header$fn__10210.invoke(x_headers.clj:22)
	at organism.middleware$wrap_internal_error$fn__10746.invoke(middleware.clj:19)
	at org.httpkit.server$wrap_ring_websocket$ring_handler_STAR___17239.invoke(server.clj:437)
	at org.httpkit.server.HttpHandler.runSync(RingHandler.java:144)
	at org.httpkit.server.HttpHandler.run(RingHandler.java:138)
	at java.base/java.util.concurrent.Executors$RunnableAdapter.call(Executors.java:545)
	at java.base/java.util.concurrent.FutureTask.run(FutureTask.java:328)
	at java.base/java.util.concurrent.ThreadPerTaskExecutor$ThreadBoundFuture.run(ThreadPerTaskExecutor.java:323)
	at java.base/java.lang.VirtualThread.run(VirtualThread.java:460)
Caused by: java.lang.RuntimeException: No such var: game/board-routes
	at clojure.lang.Util.runtimeException(Util.java:221)
	at clojure.lang.Compiler.resolveIn(Compiler.java:7918)
	at clojure.lang.Compiler.resolve(Compiler.java:7883)
	at clojure.lang.Compiler.analyzeSymbol(Compiler.java:7844)
	at clojure.lang.Compiler.analyze(Compiler.java:7300)
	... 78 more
Syntax error compiling at (eridu/choice.cljc:39:48).
	at clojure.lang.Compiler.analyze(Compiler.java:7340)
	at clojure.lang.Compiler.analyze(Compiler.java:7277)
	at clojure.lang.Compiler$InvokeExpr.parse(Compiler.java:4296)
	at clojure.lang.Compiler.analyzeSeq(Compiler.java:7632)
	at clojure.lang.Compiler.analyze(Compiler.java:7321)
	at clojure.lang.Compiler.analyze(Compiler.java:7277)
	at clojure.lang.Compiler$InvokeExpr.parse(Compiler.java:4371)
	at clojure.lang.Compiler.analyzeSeq(Compiler.java:7632)
	at clojure.lang.Compiler.analyze(Compiler.java:7321)
	at clojure.lang.Compiler.access$200(Compiler.java:43)
	at clojure.lang.Compiler$LetExpr$Parser.parse(Compiler.java:6908)
	at clojure.lang.Compiler.analyzeSeq(Compiler.java:7630)
	at clojure.lang.Compiler.analyze(Compiler.java:7321)
	at clojure.lang.Compiler.analyzeSeq(Compiler.java:7618)
	at clojure.lang.Compiler.analyze(Compiler.java:7321)
	at clojure.lang.Compiler.analyze(Compiler.java:7277)
	at clojure.lang.Compiler$BodyExpr$Parser.parse(Compiler.java:6644)
	at clojure.lang.Compiler$FnMethod.parse(Compiler.java:5983)
	at clojure.lang.Compiler$FnExpr.parse(Compiler.java:4546)
	at clojure.lang.Compiler.analyzeSeq(Compiler.java:7628)
	at clojure.lang.Compiler.analyze(Compiler.java:7321)
	at clojure.lang.Compiler.analyzeSeq(Compiler.java:7618)
	at clojure.lang.Compiler.analyze(Compiler.java:7321)
	at clojure.lang.Compiler.access$200(Compiler.java:43)
	at clojure.lang.Compiler$DefExpr$Parser.parse(Compiler.java:589)
	at clojure.lang.Compiler.analyzeSeq(Compiler.java:7630)
	at clojure.lang.Compiler.analyze(Compiler.java:7321)
	at clojure.lang.Compiler.analyze(Compiler.java:7277)
	at clojure.lang.Compiler.eval(Compiler.java:7704)
	at clojure.lang.Compiler.load(Compiler.java:8165)
	at clojure.lang.RT.loadResourceScript(RT.java:401)
	at clojure.lang.RT.loadResourceScript(RT.java:392)
	at clojure.lang.RT.load(RT.java:479)
	at clojure.lang.RT.load(RT.java:444)
	at clojure.core$load$fn__6931.invoke(core.clj:6189)
	at clojure.core$load.invokeStatic(core.clj:6188)
	at clojure.core$load.doInvoke(core.clj:6172)
	at clojure.lang.RestFn.invoke(RestFn.java:411)
	at clojure.core$load_one.invokeStatic(core.clj:5961)
	at clojure.core$load_one.invoke(core.clj:5956)
	at clojure.core$load_lib$fn__6873.invoke(core.clj:6003)
	at clojure.core$load_lib.invokeStatic(core.clj:6002)
	at clojure.core$load_lib.doInvoke(core.clj:5981)
	at clojure.lang.RestFn.applyTo(RestFn.java:145)
	at clojure.core$apply.invokeStatic(core.clj:669)
	at clojure.core$load_libs.invokeStatic(core.clj:6044)
	at clojure.core$load_libs.doInvoke(core.clj:6028)
	at clojure.lang.RestFn.applyTo(RestFn.java:140)
	at clojure.core$apply.invokeStatic(core.clj:669)
	at clojure.core$require.invokeStatic(core.clj:6066)
	at clojure.core$require.doInvoke(core.clj:6066)
	at clojure.lang.RestFn.invoke(RestFn.java:424)
	at ring.middleware.reload$reloader$fn__5828.invoke(reload.clj:17)
	at ring.middleware.reload$wrap_reload$fn__5840.invoke(reload.clj:38)
	at selmer.middleware$wrap_error_page$fn__5855.invoke(middleware.clj:18)
	at prone.middleware$wrap_exceptions$fn__6096.invoke(middleware.clj:159)
	at ring.middleware.flash$wrap_flash$fn__9708.invoke(flash.clj:39)
	at ring.middleware.session$wrap_session$fn__10139.invoke(session.clj:108)
	at ring.middleware.keyword_params$wrap_keyword_params$fn__10270.invoke(keyword_params.clj:53)
	at ring.middleware.nested_params$wrap_nested_params$fn__10328.invoke(nested_params.clj:89)
	at ring.middleware.multipart_params$wrap_multipart_params$fn__10460.invoke(multipart_params.clj:171)
	at ring.middleware.params$wrap_params$fn__10484.invoke(params.clj:67)
	at ring.middleware.cookies$wrap_cookies$fn__10018.invoke(cookies.clj:214)
	at ring.middleware.absolute_redirects$wrap_absolute_redirects$fn__10672.invoke(absolute_redirects.clj:47)
	at ring.middleware.resource$wrap_resource_prefer_resources$fn__10520.invoke(resource.clj:25)
	at ring.middleware.content_type$wrap_content_type$fn__10620.invoke(content_type.clj:34)
	at ring.middleware.default_charset$wrap_default_charset$fn__10644.invoke(default_charset.clj:31)
	at ring.middleware.not_modified$wrap_not_modified$fn__10586.invoke(not_modified.clj:61)
	at ring.middleware.x_headers$wrap_x_header$fn__10210.invoke(x_headers.clj:22)
	at ring.middleware.x_headers$wrap_x_header$fn__10210.invoke(x_headers.clj:22)
	at ring.middleware.x_headers$wrap_x_header$fn__10210.invoke(x_headers.clj:22)
	at organism.middleware$wrap_internal_error$fn__10746.invoke(middleware.clj:19)
	at org.httpkit.server$wrap_ring_websocket$ring_handler_STAR___17239.invoke(server.clj:437)
	at org.httpkit.server.HttpHandler.runSync(RingHandler.java:144)
	at org.httpkit.server.HttpHandler.run(RingHandler.java:138)
	at java.base/java.util.concurrent.Executors$RunnableAdapter.call(Executors.java:545)
	at java.base/java.util.concurrent.FutureTask.run(FutureTask.java:328)
	at java.base/java.util.concurrent.ThreadPerTaskExecutor$ThreadBoundFuture.run(ThreadPerTaskExecutor.java:323)
	at java.base/java.lang.VirtualThread.run(VirtualThread.java:460)
Caused by: java.lang.RuntimeException: No such var: game/board-routes
	at clojure.lang.Util.runtimeException(Util.java:221)
	at clojure.lang.Compiler.resolveIn(Compiler.java:7918)
	at clojure.lang.Compiler.resolve(Compiler.java:7883)
	at clojure.lang.Compiler.analyzeSymbol(Compiler.java:7844)
	at clojure.lang.Compiler.analyze(Compiler.java:7300)
	... 78 more
Syntax error compiling at (eridu/choice.cljc:39:48).
	at clojure.lang.Compiler.analyze(Compiler.java:7340)
	at clojure.lang.Compiler.analyze(Compiler.java:7277)
	at clojure.lang.Compiler$InvokeExpr.parse(Compiler.java:4296)
	at clojure.lang.Compiler.analyzeSeq(Compiler.java:7632)
	at clojure.lang.Compiler.analyze(Compiler.java:7321)
	at clojure.lang.Compiler.analyze(Compiler.java:7277)
	at clojure.lang.Compiler$InvokeExpr.parse(Compiler.java:4371)
	at clojure.lang.Compiler.analyzeSeq(Compiler.java:7632)
	at clojure.lang.Compiler.analyze(Compiler.java:7321)
	at clojure.lang.Compiler.access$200(Compiler.java:43)
	at clojure.lang.Compiler$LetExpr$Parser.parse(Compiler.java:6908)
	at clojure.lang.Compiler.analyzeSeq(Compiler.java:7630)
	at clojure.lang.Compiler.analyze(Compiler.java:7321)
	at clojure.lang.Compiler.analyzeSeq(Compiler.java:7618)
	at clojure.lang.Compiler.analyze(Compiler.java:7321)
	at clojure.lang.Compiler.analyze(Compiler.java:7277)
	at clojure.lang.Compiler$BodyExpr$Parser.parse(Compiler.java:6644)
	at clojure.lang.Compiler$FnMethod.parse(Compiler.java:5983)
	at clojure.lang.Compiler$FnExpr.parse(Compiler.java:4546)
	at clojure.lang.Compiler.analyzeSeq(Compiler.java:7628)
	at clojure.lang.Compiler.analyze(Compiler.java:7321)
	at clojure.lang.Compiler.analyzeSeq(Compiler.java:7618)
	at clojure.lang.Compiler.analyze(Compiler.java:7321)
	at clojure.lang.Compiler.access$200(Compiler.java:43)
	at clojure.lang.Compiler$DefExpr$Parser.parse(Compiler.java:589)
	at clojure.lang.Compiler.analyzeSeq(Compiler.java:7630)
	at clojure.lang.Compiler.analyze(Compiler.java:7321)
	at clojure.lang.Compiler.analyze(Compiler.java:7277)
	at clojure.lang.Compiler.eval(Compiler.java:7704)
	at clojure.lang.Compiler.load(Compiler.java:8165)
	at clojure.lang.RT.loadResourceScript(RT.java:401)
	at clojure.lang.RT.loadResourceScript(RT.java:392)
	at clojure.lang.RT.load(RT.java:479)
	at clojure.lang.RT.load(RT.java:444)
	at clojure.core$load$fn__6931.invoke(core.clj:6189)
	at clojure.core$load.invokeStatic(core.clj:6188)
	at clojure.core$load.doInvoke(core.clj:6172)
	at clojure.lang.RestFn.invoke(RestFn.java:411)
	at clojure.core$load_one.invokeStatic(core.clj:5961)
	at clojure.core$load_one.invoke(core.clj:5956)
	at clojure.core$load_lib$fn__6873.invoke(core.clj:6003)
	at clojure.core$load_lib.invokeStatic(core.clj:6002)
	at clojure.core$load_lib.doInvoke(core.clj:5981)
	at clojure.lang.RestFn.applyTo(RestFn.java:145)
	at clojure.core$apply.invokeStatic(core.clj:669)
	at clojure.core$load_libs.invokeStatic(core.clj:6044)
	at clojure.core$load_libs.doInvoke(core.clj:6028)
	at clojure.lang.RestFn.applyTo(RestFn.java:140)
	at clojure.core$apply.invokeStatic(core.clj:669)
	at clojure.core$require.invokeStatic(core.clj:6066)
	at clojure.core$require.doInvoke(core.clj:6066)
	at clojure.lang.RestFn.invoke(RestFn.java:424)
	at ring.middleware.reload$reloader$fn__5828.invoke(reload.clj:17)
	at ring.middleware.reload$wrap_reload$fn__5840.invoke(reload.clj:38)
	at selmer.middleware$wrap_error_page$fn__5855.invoke(middleware.clj:18)
	at prone.middleware$wrap_exceptions$fn__6096.invoke(middleware.clj:159)
	at ring.middleware.flash$wrap_flash$fn__9708.invoke(flash.clj:39)
	at ring.middleware.session$wrap_session$fn__10139.invoke(session.clj:108)
	at ring.middleware.keyword_params$wrap_keyword_params$fn__10270.invoke(keyword_params.clj:53)
	at ring.middleware.nested_params$wrap_nested_params$fn__10328.invoke(nested_params.clj:89)
	at ring.middleware.multipart_params$wrap_multipart_params$fn__10460.invoke(multipart_params.clj:171)
	at ring.middleware.params$wrap_params$fn__10484.invoke(params.clj:67)
	at ring.middleware.cookies$wrap_cookies$fn__10018.invoke(cookies.clj:214)
	at ring.middleware.absolute_redirects$wrap_absolute_redirects$fn__10672.invoke(absolute_redirects.clj:47)
	at ring.middleware.resource$wrap_resource_prefer_resources$fn__10520.invoke(resource.clj:25)
	at ring.middleware.content_type$wrap_content_type$fn__10620.invoke(content_type.clj:34)
	at ring.middleware.default_charset$wrap_default_charset$fn__10644.invoke(default_charset.clj:31)
	at ring.middleware.not_modified$wrap_not_modified$fn__10586.invoke(not_modified.clj:61)
	at ring.middleware.x_headers$wrap_x_header$fn__10210.invoke(x_headers.clj:22)
	at ring.middleware.x_headers$wrap_x_header$fn__10210.invoke(x_headers.clj:22)
	at ring.middleware.x_headers$wrap_x_header$fn__10210.invoke(x_headers.clj:22)
	at organism.middleware$wrap_internal_error$fn__10746.invoke(middleware.clj:19)
	at org.httpkit.server$wrap_ring_websocket$ring_handler_STAR___17239.invoke(server.clj:437)
	at org.httpkit.server.HttpHandler.runSync(RingHandler.java:144)
	at org.httpkit.server.HttpHandler.run(RingHandler.java:138)
	at java.base/java.util.concurrent.Executors$RunnableAdapter.call(Executors.java:545)
	at java.base/java.util.concurrent.FutureTask.run(FutureTask.java:328)
	at java.base/java.util.concurrent.ThreadPerTaskExecutor$ThreadBoundFuture.run(ThreadPerTaskExecutor.java:323)
	at java.base/java.lang.VirtualThread.run(VirtualThread.java:460)
Caused by: java.lang.RuntimeException: No such var: game/board-routes
	at clojure.lang.Util.runtimeException(Util.java:221)
	at clojure.lang.Compiler.resolveIn(Compiler.java:7918)
	at clojure.lang.Compiler.resolve(Compiler.java:7883)
	at clojure.lang.Compiler.analyzeSymbol(Compiler.java:7844)
	at clojure.lang.Compiler.analyze(Compiler.java:7300)
	... 78 more

=== cold-start 2026-06-13T10:51:14.753784 56b08353d ===
SLF4J: Failed to load class "org.slf4j.impl.StaticLoggerBinder".
SLF4J: Defaulting to no-operation (NOP) logger implementation
SLF4J: See http://www.slf4j.org/codes.html#StaticLoggerBinder for further details.
WARNING: random-uuid already refers to: #'clojure.core/random-uuid in namespace: monger.util, being replaced by: #'monger.util/random-uuid
WARNING: parse-long already refers to: #'clojure.core/parse-long in namespace: selmer.util, being replaced by: #'selmer.util/parse-long
WARNING: parse-double already refers to: #'clojure.core/parse-double in namespace: selmer.tags, being replaced by: #'selmer.tags/parse-double
Warning: protocol #'thi.ng.math.core/IMathOps is overwriting function abs
WARNING: abs already refers to: #'clojure.core/abs in namespace: thi.ng.math.core, being replaced by: #'thi.ng.math.core/abs
WARNING: parse-long already refers to: #'clojure.core/parse-long in namespace: thi.ng.strf.core, being replaced by: #'thi.ng.strf.core/parse-long
WARNING: parse-double already refers to: #'clojure.core/parse-double in namespace: thi.ng.strf.core, being replaced by: #'thi.ng.strf.core/parse-double
WARNING: parse-boolean already refers to: #'clojure.core/parse-boolean in namespace: thi.ng.strf.core, being replaced by: #'thi.ng.strf.core/parse-boolean
WARNING: A terminally deprecated method in sun.misc.Unsafe has been called
WARNING: sun.misc.Unsafe::invokeCleaner has been called by nonapi.io.github.classgraph.utils.FileUtils (file:/home/m/.m2/repository/io/github/classgraph/classgraph/4.8.64/classgraph-4.8.64.jar)
WARNING: Please consider reporting this to the maintainers of class nonapi.io.github.classgraph.utils.FileUtils
WARNING: sun.misc.Unsafe::invokeCleaner will be removed in a future release

  ORGANISM running at http://100.115.113.111:3000

java.lang.Exception: Unrecognized operator in 'if' statement: ==
	at selmer.tags$match_comparator.invokeStatic(tags.clj:103)
	at selmer.tags$match_comparator.invoke(tags.clj:101)
	at selmer.tags$parse_numeric_params.invokeStatic(tags.clj:112)
	at selmer.tags$parse_numeric_params.invoke(tags.clj:111)
	at selmer.tags$if_condition_fn.invokeStatic(tags.clj:200)
	at selmer.tags$if_condition_fn.invoke(tags.clj:164)
	at selmer.tags$if_handler$fn__4548.invoke(tags.clj:231)
	at clojure.core$map$fn__5954.invoke(core.clj:2772)
	at clojure.lang.LazySeq.force(LazySeq.java:50)
	at clojure.lang.LazySeq.realize(LazySeq.java:89)
	at clojure.lang.LazySeq.seq(LazySeq.java:106)
	at clojure.lang.RT.seq(RT.java:555)
	at clojure.core$seq__5486.invokeStatic(core.clj:139)
	at clojure.core$some.invokeStatic(core.clj:2709)
	at clojure.core$some.invoke(core.clj:2709)
	at selmer.util$ffind.invokeStatic(util.clj:254)
	at selmer.util$ffind.invoke(util.clj:251)
	at selmer.tags$if_handler$render_if__4551.invoke(tags.clj:236)
	at clojure.lang.AFn.applyToHelper(AFn.java:154)
	at clojure.lang.AFn.applyTo(AFn.java:144)
	at clojure.lang.AFunction$1.doInvoke(AFunction.java:33)
	at clojure.lang.RestFn.invoke(RestFn.java:411)
	at selmer.node.FunctionNode.render_node(node.clj:19)
	at selmer.parser$render_template.invokeStatic(parser.clj:105)
	at selmer.parser$render_template.invoke(parser.clj:100)
	at selmer.tags$for_handler$fn__4460.invoke(tags.clj:74)
	at clojure.lang.AFn.applyToHelper(AFn.java:154)
	at clojure.lang.AFn.applyTo(AFn.java:144)
	at clojure.lang.AFunction$1.doInvoke(AFunction.java:33)
	at clojure.lang.RestFn.invoke(RestFn.java:411)
	at selmer.node.FunctionNode.render_node(node.clj:19)
	at selmer.parser$render_template.invokeStatic(parser.clj:105)
	at selmer.parser$render_template.invoke(parser.clj:100)
	at selmer.tags$if_handler$render_if__4551.invoke(tags.clj:238)
	at clojure.lang.AFn.applyToHelper(AFn.java:154)
	at clojure.lang.AFn.applyTo(AFn.java:144)
	at clojure.lang.AFunction$1.doInvoke(AFunction.java:33)
	at clojure.lang.RestFn.invoke(RestFn.java:411)
	at selmer.node.FunctionNode.render_node(node.clj:19)
	at selmer.parser$render_template.invokeStatic(parser.clj:105)
	at selmer.parser$render_template.invoke(parser.clj:100)
	at selmer.parser$render_file.invokeStatic(parser.clj:143)
	at selmer.parser$render_file.doInvoke(parser.clj:122)
	at clojure.lang.RestFn.invoke(RestFn.java:428)
	at organism.layout$render.invokeStatic(layout.clj:21)
	at organism.layout$render.doInvoke(layout.clj:16)
	at clojure.lang.RestFn.invoke(RestFn.java:445)
	at organism.routes.eridu$play_list_page.invokeStatic(eridu.clj:86)
	at organism.routes.eridu$play_list_page.invoke(eridu.clj:48)
	at clojure.core$partial$fn__5927.invoke(core.clj:2641)
	at organism.routes.eridu$require_auth$fn__23609.invoke(eridu.clj:26)
	at muuntaja.middleware$wrap_params$fn__9667.invoke(middleware.clj:52)
	at muuntaja.middleware$wrap_format$fn__9671.invoke(middleware.clj:73)
	at organism.middleware$wrap_formats$fn__10752.invoke(middleware.clj:40)
	at ring.middleware.anti_forgery$wrap_anti_forgery$fn__8347.invoke(anti_forgery.clj:94)
	at reitit.ring$ring_handler$fn__26412.invoke(ring.cljc:326)
	at clojure.lang.AFn.applyToHelper(AFn.java:154)
	at clojure.lang.AFn.applyTo(AFn.java:144)
	at clojure.lang.AFunction$1.doInvoke(AFunction.java:33)
	at clojure.lang.RestFn.invoke(RestFn.java:411)
	at clojure.lang.Var.invoke(Var.java:386)
	at ring.middleware.reload$wrap_reload$fn__5840.invoke(reload.clj:39)
	at selmer.middleware$wrap_error_page$fn__5855.invoke(middleware.clj:18)
	at prone.middleware$wrap_exceptions$fn__6096.invoke(middleware.clj:159)
	at ring.middleware.flash$wrap_flash$fn__9708.invoke(flash.clj:39)
	at ring.middleware.session$wrap_session$fn__10139.invoke(session.clj:108)
	at ring.middleware.keyword_params$wrap_keyword_params$fn__10270.invoke(keyword_params.clj:53)
	at ring.middleware.nested_params$wrap_nested_params$fn__10328.invoke(nested_params.clj:89)
	at ring.middleware.multipart_params$wrap_multipart_params$fn__10460.invoke(multipart_params.clj:171)
	at ring.middleware.params$wrap_params$fn__10484.invoke(params.clj:67)
	at ring.middleware.cookies$wrap_cookies$fn__10018.invoke(cookies.clj:214)
	at ring.middleware.absolute_redirects$wrap_absolute_redirects$fn__10672.invoke(absolute_redirects.clj:47)
	at ring.middleware.resource$wrap_resource_prefer_resources$fn__10520.invoke(resource.clj:25)
	at ring.middleware.content_type$wrap_content_type$fn__10620.invoke(content_type.clj:34)
	at ring.middleware.default_charset$wrap_default_charset$fn__10644.invoke(default_charset.clj:31)
	at ring.middleware.not_modified$wrap_not_modified$fn__10586.invoke(not_modified.clj:61)
	at ring.middleware.x_headers$wrap_x_header$fn__10210.invoke(x_headers.clj:22)
	at ring.middleware.x_headers$wrap_x_header$fn__10210.invoke(x_headers.clj:22)
	at ring.middleware.x_headers$wrap_x_header$fn__10210.invoke(x_headers.clj:22)
	at organism.middleware$wrap_internal_error$fn__10746.invoke(middleware.clj:19)
	at org.httpkit.server$wrap_ring_websocket$ring_handler_STAR___17239.invoke(server.clj:437)
	at org.httpkit.server.HttpHandler.runSync(RingHandler.java:144)
	at org.httpkit.server.HttpHandler.run(RingHandler.java:138)
	at java.base/java.util.concurrent.Executors$RunnableAdapter.call(Executors.java:545)
	at java.base/java.util.concurrent.FutureTask.run(FutureTask.java:328)
	at java.base/java.util.concurrent.ThreadPerTaskExecutor$ThreadBoundFuture.run(ThreadPerTaskExecutor.java:323)
	at java.base/java.lang.VirtualThread.run(VirtualThread.java:460)
"<< stopping.. #'organism.handler/init-app (namespace was recompiled)"
">> starting.. #'organism.handler/init-app (namespace was recompiled)"
">> starting.. #'organism.handler/app-routes (namespace was recompiled)"
=== 2026-06-13T14:16:34.781780 commit reap 56b08353d -> ade1fce21 ===
=== 2026-06-14T20:24:18.138933 commit reap unhealthy (5xx) instance ===
=== 2026-06-16T19:28:02.853011 commit reap unhealthy (5xx) instance ===
=== 2026-06-16T19:56:00.520283 commit reap unhealthy (5xx) instance ===
=== 2026-06-17T20:46:11.388830 commit reap unhealthy (5xx) instance ===
